[2025-09-22 12:08:03] live.ERROR: Not enough data available to satisfy format {"exception":"[object] (Carbon\\Exceptions\\InvalidFormatException(code: 0): Not enough data available to satisfy format at I:\\Project\\Techsense\\vendor\\nesbot\\carbon\\src\\Carbon\\Traits\\Creator.php:690)
[stacktrace]
#0 I:\\Project\\Techsense\\vendor\\nesbot\\carbon\\src\\Carbon\\Traits\\Creator.php(713): Carbon\\Carbon::rawCreateFromFormat('D M d H:i:s Y', NULL, NULL)
#1 I:\\Project\\Techsense\\vendor\\laravel\\framework\\src\\Illuminate\\Foundation\\Console\\ServeCommand.php(312): Carbon\\Carbon::createFromFormat('D M d H:i:s Y', NULL)
#2 I:\\Project\\Techsense\\vendor\\laravel\\framework\\src\\Illuminate\\Foundation\\Console\\ServeCommand.php(277): Illuminate\\Foundation\\Console\\ServeCommand->getDateFromLine(':31:50 2025] 12...')
#3 I:\\Project\\Techsense\\vendor\\laravel\\framework\\src\\Illuminate\\Collections\\Traits\\EnumeratesValues.php(235): Illuminate\\Foundation\\Console\\ServeCommand->Illuminate\\Foundation\\Console\\{closure}(':31:50 2025] 12...', 0)
#4 I:\\Project\\Techsense\\vendor\\laravel\\framework\\src\\Illuminate\\Foundation\\Console\\ServeCommand.php(240): Illuminate\\Support\\Collection->each(Object(Closure))
#5 I:\\Project\\Techsense\\vendor\\symfony\\process\\Process.php(1275): Illuminate\\Foundation\\Console\\ServeCommand->Illuminate\\Foundation\\Console\\{closure}('err', ':31:50 2025] 12...')
#6 I:\\Project\\Techsense\\vendor\\symfony\\process\\Process.php(1388): Symfony\\Component\\Process\\Process->Symfony\\Component\\Process\\{closure}('err', ':31:50 2025] 12...')
#7 I:\\Project\\Techsense\\vendor\\symfony\\process\\Process.php(1308): Symfony\\Component\\Process\\Process->readPipes(false, false)
#8 I:\\Project\\Techsense\\vendor\\symfony\\process\\Process.php(839): Symfony\\Component\\Process\\Process->updateStatus(false)
#9 I:\\Project\\Techsense\\vendor\\laravel\\framework\\src\\Illuminate\\Foundation\\Console\\ServeCommand.php(102): Symfony\\Component\\Process\\Process->isRunning()
#10 I:\\Project\\Techsense\\vendor\\laravel\\framework\\src\\Illuminate\\Container\\BoundMethod.php(36): Illuminate\\Foundation\\Console\\ServeCommand->handle()
#11 I:\\Project\\Techsense\\vendor\\laravel\\framework\\src\\Illuminate\\Container\\Util.php(41): Illuminate\\Container\\BoundMethod::Illuminate\\Container\\{closure}()
#12 I:\\Project\\Techsense\\vendor\\laravel\\framework\\src\\Illuminate\\Container\\BoundMethod.php(93): Illuminate\\Container\\Util::unwrapIfClosure(Object(Closure))
#13 I:\\Project\\Techsense\\vendor\\laravel\\framework\\src\\Illuminate\\Container\\BoundMethod.php(35): Illuminate\\Container\\BoundMethod::callBoundMethod(Object(Illuminate\\Foundation\\Application), Array, Object(Closure))
#14 I:\\Project\\Techsense\\vendor\\laravel\\framework\\src\\Illuminate\\Container\\Container.php(661): Illuminate\\Container\\BoundMethod::call(Object(Illuminate\\Foundation\\Application), Array, Array, NULL)
#15 I:\\Project\\Techsense\\vendor\\laravel\\framework\\src\\Illuminate\\Console\\Command.php(183): Illuminate\\Container\\Container->call(Array)
#16 I:\\Project\\Techsense\\vendor\\symfony\\console\\Command\\Command.php(326): Illuminate\\Console\\Command->execute(Object(Symfony\\Component\\Console\\Input\\ArgvInput), Object(Illuminate\\Console\\OutputStyle))
#17 I:\\Project\\Techsense\\vendor\\laravel\\framework\\src\\Illuminate\\Console\\Command.php(152): Symfony\\Component\\Console\\Command\\Command->run(Object(Symfony\\Component\\Console\\Input\\ArgvInput), Object(Illuminate\\Console\\OutputStyle))
#18 I:\\Project\\Techsense\\vendor\\symfony\\console\\Application.php(1078): Illuminate\\Console\\Command->run(Object(Symfony\\Component\\Console\\Input\\ArgvInput), Object(Symfony\\Component\\Console\\Output\\ConsoleOutput))
#19 I:\\Project\\Techsense\\vendor\\symfony\\console\\Application.php(324): Symfony\\Component\\Console\\Application->doRunCommand(Object(Illuminate\\Foundation\\Console\\ServeCommand), Object(Symfony\\Component\\Console\\Input\\ArgvInput), Object(Symfony\\Component\\Console\\Output\\ConsoleOutput))
#20 I:\\Project\\Techsense\\vendor\\symfony\\console\\Application.php(175): Symfony\\Component\\Console\\Application->doRun(Object(Symfony\\Component\\Console\\Input\\ArgvInput), Object(Symfony\\Component\\Console\\Output\\ConsoleOutput))
#21 I:\\Project\\Techsense\\vendor\\laravel\\framework\\src\\Illuminate\\Console\\Application.php(102): Symfony\\Component\\Console\\Application->run(Object(Symfony\\Component\\Console\\Input\\ArgvInput), Object(Symfony\\Component\\Console\\Output\\ConsoleOutput))
#22 I:\\Project\\Techsense\\vendor\\laravel\\framework\\src\\Illuminate\\Foundation\\Console\\Kernel.php(155): Illuminate\\Console\\Application->run(Object(Symfony\\Component\\Console\\Input\\ArgvInput), Object(Symfony\\Component\\Console\\Output\\ConsoleOutput))
#23 I:\\Project\\Techsense\\artisan(35): Illuminate\\Foundation\\Console\\Kernel->handle(Object(Symfony\\Component\\Console\\Input\\ArgvInput), Object(Symfony\\Component\\Console\\Output\\ConsoleOutput))
#24 {main}
"} 
[2025-09-22 12:11:04] live.ERROR: Not enough data available to satisfy format {"exception":"[object] (Carbon\\Exceptions\\InvalidFormatException(code: 0): Not enough data available to satisfy format at I:\\Project\\Techsense\\vendor\\nesbot\\carbon\\src\\Carbon\\Traits\\Creator.php:690)
[stacktrace]
#0 I:\\Project\\Techsense\\vendor\\nesbot\\carbon\\src\\Carbon\\Traits\\Creator.php(713): Carbon\\Carbon::rawCreateFromFormat('D M d H:i:s Y', NULL, NULL)
#1 I:\\Project\\Techsense\\vendor\\laravel\\framework\\src\\Illuminate\\Foundation\\Console\\ServeCommand.php(312): Carbon\\Carbon::createFromFormat('D M d H:i:s Y', NULL)
#2 I:\\Project\\Techsense\\vendor\\laravel\\framework\\src\\Illuminate\\Foundation\\Console\\ServeCommand.php(277): Illuminate\\Foundation\\Console\\ServeCommand->getDateFromLine('5] 127.0.0.1:55...')
#3 I:\\Project\\Techsense\\vendor\\laravel\\framework\\src\\Illuminate\\Collections\\Traits\\EnumeratesValues.php(235): Illuminate\\Foundation\\Console\\ServeCommand->Illuminate\\Foundation\\Console\\{closure}('5] 127.0.0.1:55...', 0)
#4 I:\\Project\\Techsense\\vendor\\laravel\\framework\\src\\Illuminate\\Foundation\\Console\\ServeCommand.php(240): Illuminate\\Support\\Collection->each(Object(Closure))
#5 I:\\Project\\Techsense\\vendor\\symfony\\process\\Process.php(1275): Illuminate\\Foundation\\Console\\ServeCommand->Illuminate\\Foundation\\Console\\{closure}('err', '5] 127.0.0.1:55...')
#6 I:\\Project\\Techsense\\vendor\\symfony\\process\\Process.php(1388): Symfony\\Component\\Process\\Process->Symfony\\Component\\Process\\{closure}('err', '5] 127.0.0.1:55...')
#7 I:\\Project\\Techsense\\vendor\\symfony\\process\\Process.php(1308): Symfony\\Component\\Process\\Process->readPipes(false, false)
#8 I:\\Project\\Techsense\\vendor\\symfony\\process\\Process.php(839): Symfony\\Component\\Process\\Process->updateStatus(false)
#9 I:\\Project\\Techsense\\vendor\\laravel\\framework\\src\\Illuminate\\Foundation\\Console\\ServeCommand.php(102): Symfony\\Component\\Process\\Process->isRunning()
#10 I:\\Project\\Techsense\\vendor\\laravel\\framework\\src\\Illuminate\\Container\\BoundMethod.php(36): Illuminate\\Foundation\\Console\\ServeCommand->handle()
#11 I:\\Project\\Techsense\\vendor\\laravel\\framework\\src\\Illuminate\\Container\\Util.php(41): Illuminate\\Container\\BoundMethod::Illuminate\\Container\\{closure}()
#12 I:\\Project\\Techsense\\vendor\\laravel\\framework\\src\\Illuminate\\Container\\BoundMethod.php(93): Illuminate\\Container\\Util::unwrapIfClosure(Object(Closure))
#13 I:\\Project\\Techsense\\vendor\\laravel\\framework\\src\\Illuminate\\Container\\BoundMethod.php(35): Illuminate\\Container\\BoundMethod::callBoundMethod(Object(Illuminate\\Foundation\\Application), Array, Object(Closure))
#14 I:\\Project\\Techsense\\vendor\\laravel\\framework\\src\\Illuminate\\Container\\Container.php(661): Illuminate\\Container\\BoundMethod::call(Object(Illuminate\\Foundation\\Application), Array, Array, NULL)
#15 I:\\Project\\Techsense\\vendor\\laravel\\framework\\src\\Illuminate\\Console\\Command.php(183): Illuminate\\Container\\Container->call(Array)
#16 I:\\Project\\Techsense\\vendor\\symfony\\console\\Command\\Command.php(326): Illuminate\\Console\\Command->execute(Object(Symfony\\Component\\Console\\Input\\ArgvInput), Object(Illuminate\\Console\\OutputStyle))
#17 I:\\Project\\Techsense\\vendor\\laravel\\framework\\src\\Illuminate\\Console\\Command.php(152): Symfony\\Component\\Console\\Command\\Command->run(Object(Symfony\\Component\\Console\\Input\\ArgvInput), Object(Illuminate\\Console\\OutputStyle))
#18 I:\\Project\\Techsense\\vendor\\symfony\\console\\Application.php(1078): Illuminate\\Console\\Command->run(Object(Symfony\\Component\\Console\\Input\\ArgvInput), Object(Symfony\\Component\\Console\\Output\\ConsoleOutput))
#19 I:\\Project\\Techsense\\vendor\\symfony\\console\\Application.php(324): Symfony\\Component\\Console\\Application->doRunCommand(Object(Illuminate\\Foundation\\Console\\ServeCommand), Object(Symfony\\Component\\Console\\Input\\ArgvInput), Object(Symfony\\Component\\Console\\Output\\ConsoleOutput))
#20 I:\\Project\\Techsense\\vendor\\symfony\\console\\Application.php(175): Symfony\\Component\\Console\\Application->doRun(Object(Symfony\\Component\\Console\\Input\\ArgvInput), Object(Symfony\\Component\\Console\\Output\\ConsoleOutput))
#21 I:\\Project\\Techsense\\vendor\\laravel\\framework\\src\\Illuminate\\Console\\Application.php(102): Symfony\\Component\\Console\\Application->run(Object(Symfony\\Component\\Console\\Input\\ArgvInput), Object(Symfony\\Component\\Console\\Output\\ConsoleOutput))
#22 I:\\Project\\Techsense\\vendor\\laravel\\framework\\src\\Illuminate\\Foundation\\Console\\Kernel.php(155): Illuminate\\Console\\Application->run(Object(Symfony\\Component\\Console\\Input\\ArgvInput), Object(Symfony\\Component\\Console\\Output\\ConsoleOutput))
#23 I:\\Project\\Techsense\\artisan(35): Illuminate\\Foundation\\Console\\Kernel->handle(Object(Symfony\\Component\\Console\\Input\\ArgvInput), Object(Symfony\\Component\\Console\\Output\\ConsoleOutput))
#24 {main}
"} 
